// Jest Snapshot v1, https://goo.gl/fbAQLP

exports[`should match snapshot 1`] = `
<DocumentFragment>
  .c2 {
  font-size: 15px;
  line-height: 18px;
  color: #696969;
}

.c1 {
  width: 7px;
  height: 7px;
  background-color: var(--light-primary);
  border-radius: 50%;
  margin-right: 10px;
  margin-top: 5px;
  -webkit-flex: 0 0 auto;
  -ms-flex: 0 0 auto;
  flex: 0 0 auto;
}

.c0 {
  display: -webkit-box;
  display: -webkit-flex;
  display: -ms-flexbox;
  display: flex;
}

<div
    class="c0 advertisement-component"
  >
    <div
      class="c1"
    />
    <p
      class="c2"
    />
  </div>
</DocumentFragment>
`;
